------------------------------------------------------------
Timing Analyzer Summary
------------------------------------------------------------

Type  : Slow 1200mV 85C Model Setup 'clk'
Slack : -4.430
TNS   : -51.682

Type  : Slow 1200mV 85C Model Setup 'DIVF:u1|clkl'
Slack : -1.693
TNS   : -8.600

Type  : Slow 1200mV 85C Model Hold 'DIVF:u1|clkl'
Slack : 0.347
TNS   : 0.000

Type  : Slow 1200mV 85C Model Hold 'clk'
Slack : 0.639
TNS   : 0.000

Type  : Slow 1200mV 85C Model Minimum Pulse Width 'clk'
Slack : -3.000
TNS   : -39.478

Type  : Slow 1200mV 85C Model Minimum Pulse Width 'alto'
Slack : -3.000
TNS   : -3.000

Type  : Slow 1200mV 85C Model Minimum Pulse Width 'DIVF:u1|clkl'
Slack : -1.403
TNS   : -28.060

Type  : Slow 1200mV 0C Model Setup 'clk'
Slack : -4.011
TNS   : -44.956

Type  : Slow 1200mV 0C Model Setup 'DIVF:u1|clkl'
Slack : -1.461
TNS   : -6.402

Type  : Slow 1200mV 0C Model Hold 'DIVF:u1|clkl'
Slack : 0.312
TNS   : 0.000

Type  : Slow 1200mV 0C Model Hold 'clk'
Slack : 0.590
TNS   : 0.000

Type  : Slow 1200mV 0C Model Minimum Pulse Width 'clk'
Slack : -3.000
TNS   : -39.478

Type  : Slow 1200mV 0C Model Minimum Pulse Width 'alto'
Slack : -3.000
TNS   : -3.000

Type  : Slow 1200mV 0C Model Minimum Pulse Width 'DIVF:u1|clkl'
Slack : -1.403
TNS   : -28.060

Type  : Fast 1200mV 0C Model Setup 'clk'
Slack : -1.403
TNS   : -7.540

Type  : Fast 1200mV 0C Model Setup 'DIVF:u1|clkl'
Slack : -0.700
TNS   : -0.700

Type  : Fast 1200mV 0C Model Hold 'DIVF:u1|clkl'
Slack : 0.135
TNS   : 0.000

Type  : Fast 1200mV 0C Model Hold 'clk'
Slack : 0.248
TNS   : 0.000

Type  : Fast 1200mV 0C Model Minimum Pulse Width 'clk'
Slack : -3.000
TNS   : -29.872

Type  : Fast 1200mV 0C Model Minimum Pulse Width 'alto'
Slack : -3.000
TNS   : -3.000

Type  : Fast 1200mV 0C Model Minimum Pulse Width 'DIVF:u1|clkl'
Slack : -1.000
TNS   : -20.000

------------------------------------------------------------
