------------------------------------------------------------
Timing Analyzer Summary
------------------------------------------------------------

Type  : Slow 1200mV 85C Model Setup 'clk'
Slack : -4.687
TNS   : -55.553

Type  : Slow 1200mV 85C Model Setup 'conta2display:u4|contador:u4|divf:u1|clkl'
Slack : -2.863
TNS   : -58.970

Type  : Slow 1200mV 85C Model Setup 'conta2display:u4|contador:u4|cont:u2|bandera'
Slack : -2.862
TNS   : -61.052

Type  : Slow 1200mV 85C Model Setup 'conta2display:u4|cont:u5|bandera'
Slack : -2.773
TNS   : -58.242

Type  : Slow 1200mV 85C Model Hold 'clk'
Slack : 0.637
TNS   : 0.000

Type  : Slow 1200mV 85C Model Hold 'conta2display:u4|cont:u5|bandera'
Slack : 0.646
TNS   : 0.000

Type  : Slow 1200mV 85C Model Hold 'conta2display:u4|contador:u4|cont:u2|bandera'
Slack : 0.646
TNS   : 0.000

Type  : Slow 1200mV 85C Model Hold 'conta2display:u4|contador:u4|divf:u1|clkl'
Slack : 0.646
TNS   : 0.000

Type  : Slow 1200mV 85C Model Minimum Pulse Width 'clk'
Slack : -3.000
TNS   : -39.478

Type  : Slow 1200mV 85C Model Minimum Pulse Width 'conta2display:u4|cont:u5|bandera'
Slack : -1.403
TNS   : -46.299

Type  : Slow 1200mV 85C Model Minimum Pulse Width 'conta2display:u4|contador:u4|cont:u2|bandera'
Slack : -1.403
TNS   : -46.299

Type  : Slow 1200mV 85C Model Minimum Pulse Width 'conta2display:u4|contador:u4|divf:u1|clkl'
Slack : -1.403
TNS   : -46.299

Type  : Slow 1200mV 0C Model Setup 'clk'
Slack : -4.277
TNS   : -48.456

Type  : Slow 1200mV 0C Model Setup 'conta2display:u4|contador:u4|divf:u1|clkl'
Slack : -2.547
TNS   : -50.235

Type  : Slow 1200mV 0C Model Setup 'conta2display:u4|contador:u4|cont:u2|bandera'
Slack : -2.543
TNS   : -51.980

Type  : Slow 1200mV 0C Model Setup 'conta2display:u4|cont:u5|bandera'
Slack : -2.476
TNS   : -49.410

Type  : Slow 1200mV 0C Model Hold 'clk'
Slack : 0.588
TNS   : 0.000

Type  : Slow 1200mV 0C Model Hold 'conta2display:u4|cont:u5|bandera'
Slack : 0.597
TNS   : 0.000

Type  : Slow 1200mV 0C Model Hold 'conta2display:u4|contador:u4|cont:u2|bandera'
Slack : 0.597
TNS   : 0.000

Type  : Slow 1200mV 0C Model Hold 'conta2display:u4|contador:u4|divf:u1|clkl'
Slack : 0.598
TNS   : 0.000

Type  : Slow 1200mV 0C Model Minimum Pulse Width 'clk'
Slack : -3.000
TNS   : -39.478

Type  : Slow 1200mV 0C Model Minimum Pulse Width 'conta2display:u4|cont:u5|bandera'
Slack : -1.403
TNS   : -46.299

Type  : Slow 1200mV 0C Model Minimum Pulse Width 'conta2display:u4|contador:u4|cont:u2|bandera'
Slack : -1.403
TNS   : -46.299

Type  : Slow 1200mV 0C Model Minimum Pulse Width 'conta2display:u4|contador:u4|divf:u1|clkl'
Slack : -1.403
TNS   : -46.299

Type  : Fast 1200mV 0C Model Setup 'clk'
Slack : -1.489
TNS   : -9.309

Type  : Fast 1200mV 0C Model Setup 'conta2display:u4|contador:u4|divf:u1|clkl'
Slack : -0.577
TNS   : -5.214

Type  : Fast 1200mV 0C Model Setup 'conta2display:u4|contador:u4|cont:u2|bandera'
Slack : -0.560
TNS   : -5.908

Type  : Fast 1200mV 0C Model Setup 'conta2display:u4|cont:u5|bandera'
Slack : -0.558
TNS   : -5.199

Type  : Fast 1200mV 0C Model Hold 'clk'
Slack : 0.247
TNS   : 0.000

Type  : Fast 1200mV 0C Model Hold 'conta2display:u4|cont:u5|bandera'
Slack : 0.250
TNS   : 0.000

Type  : Fast 1200mV 0C Model Hold 'conta2display:u4|contador:u4|cont:u2|bandera'
Slack : 0.250
TNS   : 0.000

Type  : Fast 1200mV 0C Model Hold 'conta2display:u4|contador:u4|divf:u1|clkl'
Slack : 0.250
TNS   : 0.000

Type  : Fast 1200mV 0C Model Minimum Pulse Width 'clk'
Slack : -3.000
TNS   : -29.895

Type  : Fast 1200mV 0C Model Minimum Pulse Width 'conta2display:u4|cont:u5|bandera'
Slack : -1.000
TNS   : -33.000

Type  : Fast 1200mV 0C Model Minimum Pulse Width 'conta2display:u4|contador:u4|cont:u2|bandera'
Slack : -1.000
TNS   : -33.000

Type  : Fast 1200mV 0C Model Minimum Pulse Width 'conta2display:u4|contador:u4|divf:u1|clkl'
Slack : -1.000
TNS   : -33.000

------------------------------------------------------------
