------------------------------------------------------------
Timing Analyzer Summary
------------------------------------------------------------

Type  : Slow 1200mV 85C Model Setup 'divf:u1|clkl'
Slack : -6.031
TNS   : -23.687

Type  : Slow 1200mV 85C Model Setup 'sel[0]'
Slack : -4.867
TNS   : -140.040

Type  : Slow 1200mV 85C Model Setup 'clk'
Slack : -4.289
TNS   : -65.124

Type  : Slow 1200mV 85C Model Setup 'divf:u2|clkl'
Slack : -4.125
TNS   : -261.060

Type  : Slow 1200mV 85C Model Hold 'sel[0]'
Slack : -0.006
TNS   : -0.006

Type  : Slow 1200mV 85C Model Hold 'clk'
Slack : 0.362
TNS   : 0.000

Type  : Slow 1200mV 85C Model Hold 'divf:u2|clkl'
Slack : 0.645
TNS   : 0.000

Type  : Slow 1200mV 85C Model Hold 'divf:u1|clkl'
Slack : 0.658
TNS   : 0.000

Type  : Slow 1200mV 85C Model Minimum Pulse Width 'clk'
Slack : -3.000
TNS   : -52.105

Type  : Slow 1200mV 85C Model Minimum Pulse Width 'sel[0]'
Slack : -3.000
TNS   : -3.000

Type  : Slow 1200mV 85C Model Minimum Pulse Width 'divf:u2|clkl'
Slack : -1.403
TNS   : -89.792

Type  : Slow 1200mV 85C Model Minimum Pulse Width 'divf:u1|clkl'
Slack : -1.403
TNS   : -15.433

Type  : Slow 1200mV 0C Model Setup 'divf:u1|clkl'
Slack : -5.473
TNS   : -20.798

Type  : Slow 1200mV 0C Model Setup 'sel[0]'
Slack : -4.563
TNS   : -131.589

Type  : Slow 1200mV 0C Model Setup 'clk'
Slack : -3.912
TNS   : -56.396

Type  : Slow 1200mV 0C Model Setup 'divf:u2|clkl'
Slack : -3.704
TNS   : -234.628

Type  : Slow 1200mV 0C Model Hold 'sel[0]'
Slack : 0.060
TNS   : 0.000

Type  : Slow 1200mV 0C Model Hold 'clk'
Slack : 0.327
TNS   : 0.000

Type  : Slow 1200mV 0C Model Hold 'divf:u2|clkl'
Slack : 0.596
TNS   : 0.000

Type  : Slow 1200mV 0C Model Hold 'divf:u1|clkl'
Slack : 0.613
TNS   : 0.000

Type  : Slow 1200mV 0C Model Minimum Pulse Width 'clk'
Slack : -3.000
TNS   : -52.105

Type  : Slow 1200mV 0C Model Minimum Pulse Width 'sel[0]'
Slack : -3.000
TNS   : -3.000

Type  : Slow 1200mV 0C Model Minimum Pulse Width 'divf:u2|clkl'
Slack : -1.403
TNS   : -89.792

Type  : Slow 1200mV 0C Model Minimum Pulse Width 'divf:u1|clkl'
Slack : -1.403
TNS   : -15.433

Type  : Fast 1200mV 0C Model Setup 'divf:u1|clkl'
Slack : -2.519
TNS   : -4.870

Type  : Fast 1200mV 0C Model Setup 'sel[0]'
Slack : -2.111
TNS   : -60.780

Type  : Fast 1200mV 0C Model Setup 'clk'
Slack : -1.443
TNS   : -8.537

Type  : Fast 1200mV 0C Model Setup 'divf:u2|clkl'
Slack : -1.184
TNS   : -74.292

Type  : Fast 1200mV 0C Model Hold 'sel[0]'
Slack : -0.062
TNS   : -0.236

Type  : Fast 1200mV 0C Model Hold 'clk'
Slack : 0.155
TNS   : 0.000

Type  : Fast 1200mV 0C Model Hold 'divf:u2|clkl'
Slack : 0.250
TNS   : 0.000

Type  : Fast 1200mV 0C Model Hold 'divf:u1|clkl'
Slack : 0.255
TNS   : 0.000

Type  : Fast 1200mV 0C Model Minimum Pulse Width 'clk'
Slack : -3.000
TNS   : -39.115

Type  : Fast 1200mV 0C Model Minimum Pulse Width 'sel[0]'
Slack : -3.000
TNS   : -3.000

Type  : Fast 1200mV 0C Model Minimum Pulse Width 'divf:u2|clkl'
Slack : -1.000
TNS   : -64.000

Type  : Fast 1200mV 0C Model Minimum Pulse Width 'divf:u1|clkl'
Slack : -1.000
TNS   : -11.000

------------------------------------------------------------
