------------------------------------------------------------
Timing Analyzer Summary
------------------------------------------------------------

Type  : Slow 1100mV 85C Model Setup 'clk'
Slack : -0.459
TNS   : -1.923

Type  : Slow 1100mV 85C Model Hold 'clk'
Slack : 0.422
TNS   : 0.000

Type  : Slow 1100mV 85C Model Minimum Pulse Width 'clk'
Slack : -0.724
TNS   : -5.535

Type  : Slow 1100mV 0C Model Setup 'clk'
Slack : -0.506
TNS   : -2.323

Type  : Slow 1100mV 0C Model Hold 'clk'
Slack : 0.405
TNS   : 0.000

Type  : Slow 1100mV 0C Model Minimum Pulse Width 'clk'
Slack : -0.724
TNS   : -5.554

Type  : Fast 1100mV 85C Model Setup 'clk'
Slack : 0.389
TNS   : 0.000

Type  : Fast 1100mV 85C Model Hold 'clk'
Slack : 0.188
TNS   : 0.000

Type  : Fast 1100mV 85C Model Minimum Pulse Width 'clk'
Slack : -0.085
TNS   : -0.419

Type  : Fast 1100mV 0C Model Setup 'clk'
Slack : 0.421
TNS   : 0.000

Type  : Fast 1100mV 0C Model Hold 'clk'
Slack : 0.175
TNS   : 0.000

Type  : Fast 1100mV 0C Model Minimum Pulse Width 'clk'
Slack : -0.085
TNS   : -0.421

------------------------------------------------------------
